/usr/bin/java -DsystemOption=vlaue -classpath /home/rvais/PersonalProjects/HelloWorld/dist/HelloWorld.jar helloworld.HelloWorld HelloWorld! "Ahoja Marvel" indentedArgument additional --arguments for -foo
0
