/usr/bin/java -classpath /dynamic/classpath/from/generator helloworld.HelloWorld
0
