/usr/bin/java -classpath /foo/bar/BIG helloworld.HelloWorld
0
