/usr/bin/java -DsystemOption=vlaue -classpath /dynamic/predefined/classpath/from/cache helloworld.HelloWorld HelloWorld! "Ahoja Marvel"
0
